word,frequency,english_definition
hello,3,hello_translated
world,2,world_translated
python,1,python_translated
